// Jest Snapshot v1, https://goo.gl/fbAQLP

exports[`Renders Cell correctly 1`] = `
<div
  onClick={[Function]}
>
  <div
    className="row"
  >
    <div
      aria-live="polite"
      className="cell"
      id="c1"
      role="status"
    >
      
    </div>
    <div
      aria-live="polite"
      className="cell"
      id="c2"
      role="status"
    >
      
    </div>
    <div
      aria-live="polite"
      className="cell"
      id="c3"
      role="status"
    >
      
    </div>
  </div>
  <div
    className="row"
  >
    <div
      aria-live="polite"
      className="cell"
      id="c4"
      role="status"
    >
      
    </div>
    <div
      aria-live="polite"
      className="cell"
      id="c5"
      role="status"
    >
      
    </div>
    <div
      aria-live="polite"
      className="cell"
      id="c6"
      role="status"
    >
      
    </div>
  </div>
  <div
    className="row"
  >
    <div
      aria-live="polite"
      className="cell"
      id="c7"
      role="status"
    >
      
    </div>
    <div
      aria-live="polite"
      className="cell"
      id="c8"
      role="status"
    >
      
    </div>
    <div
      aria-live="polite"
      className="cell"
      id="c9"
      role="status"
    >
      
    </div>
  </div>
</div>
`;
